[23000:22944:0731/153632.071:WARNING:chrome_main_delegate.cc(745)] This is Chrome version 128.0.6613.138 (not a warning)
[14588:22140:0731/153632.071:WARNING:chrome_main_delegate.cc(745)] This is Chrome version 128.0.6613.138 (not a warning)
[14588:22140:0731/153636.637:WARNING:account_consistency_mode_manager.cc(77)] Desktop Identity Consistency cannot be enabled as no OAuth client ID and client secret have been configured.
[14588:22140:0731/153724.969:ERROR:device_event_log_impl.cc(196)] [15:37:24.621] USB: usb_service_win.cc:105 SetupDiGetDeviceProperty({{A45C254E-DF1C-4EFD-8020-67D146A850E0}, 6}) failed: Element not found. (0x490)
[21448:16372:0731/153728.586:WARNING:codec.cc(525)] Explicitly added H264 constrained baseline to list of supported formats.
[21448:9084:0731/153728.801:WARNING:codec.cc(525)] Explicitly added H264 constrained baseline to list of supported formats.
[21448:9084:0731/153728.801:WARNING:codec.cc(525)] Explicitly added H264 constrained baseline to list of supported formats.
[21448:9084:0731/153728.802:WARNING:codec.cc(525)] Explicitly added H264 constrained baseline to list of supported formats.
[14588:17452:0731/153729.318:WARNING:browser_info.cc(345)] Returning a speculative frame for [8,9]
[14588:22140:0731/153729.483:WARNING:browser_info.cc(345)] Returning a speculative frame for [10,5]
[14588:22140:0731/153729.484:WARNING:browser_info.cc(345)] Returning a speculative frame for [10,5]
[14588:22140:0731/153729.484:WARNING:browser_info.cc(345)] Returning a speculative frame for [10,5]
[14588:22140:0731/153729.484:WARNING:browser_info.cc(345)] Returning a speculative frame for [10,5]
[14588:17452:0731/153729.517:WARNING:browser_info.cc(345)] Returning a speculative frame for [10,5]
[13348:18540:0731/153729.690:WARNING:codec.cc(525)] Explicitly added H264 constrained baseline to list of supported formats.
[13348:13960:0731/153730.198:WARNING:codec.cc(525)] Explicitly added H264 constrained baseline to list of supported formats.
[13348:13960:0731/153730.198:WARNING:codec.cc(525)] Explicitly added H264 constrained baseline to list of supported formats.
[13348:13960:0731/153730.199:WARNING:codec.cc(525)] Explicitly added H264 constrained baseline to list of supported formats.
[13348:18540:0731/153734.275:WARNING:codec.cc(525)] Explicitly added H264 constrained baseline to list of supported formats.
[14588:22140:0731/153827.671:WARNING:pref_notifier_impl.cc(41)] Pref observer for media_router.cast_allow_all_ips found at shutdown.
