[912:13508:0828/200547.842:WARNING:chrome_main_delegate.cc(745)] This is Chrome version 128.0.6613.138 (not a warning)
[912:13508:0828/200550.439:WARNING:account_consistency_mode_manager.cc(77)] Desktop Identity Consistency cannot be enabled as no OAuth client ID and client secret have been configured.
[912:17340:0828/200615.019:WARNING:leveldb_database.cc(141)] Unable to open D:\AberothGitRepo\Prototypes\COD Zombie Classic\WesternZombies\Saved\webcache_6613_2\Default\shared_proto_db\metadata: IO error: D:\AberothGitRepo\Prototypes\COD Zombie Classic\WesternZombies\Saved\webcache_6613_2\Default\shared_proto_db\metadata/MANIFEST-000001: Unable to create sequential file (ChromeMethodBFE: 7::NewSequentialFile::1)
[912:17340:0828/200615.021:WARNING:leveldb_database.cc(141)] Unable to open D:\AberothGitRepo\Prototypes\COD Zombie Classic\WesternZombies\Saved\webcache_6613_2\Default\shared_proto_db\metadata: IO error: D:\AberothGitRepo\Prototypes\COD Zombie Classic\WesternZombies\Saved\webcache_6613_2\Default\shared_proto_db\metadata/MANIFEST-000001: Unable to create sequential file (ChromeMethodBFE: 7::NewSequentialFile::1)
[912:17340:0828/200615.023:WARNING:leveldb_database.cc(141)] Unable to open D:\AberothGitRepo\Prototypes\COD Zombie Classic\WesternZombies\Saved\webcache_6613_2\Default\shared_proto_db\metadata: IO error: D:\AberothGitRepo\Prototypes\COD Zombie Classic\WesternZombies\Saved\webcache_6613_2\Default\shared_proto_db\metadata/MANIFEST-000001: Unable to create sequential file (ChromeMethodBFE: 7::NewSequentialFile::1)
[912:17340:0828/200615.024:WARNING:leveldb_database.cc(141)] Unable to open D:\AberothGitRepo\Prototypes\COD Zombie Classic\WesternZombies\Saved\webcache_6613_2\Default\shared_proto_db\metadata: IO error: D:\AberothGitRepo\Prototypes\COD Zombie Classic\WesternZombies\Saved\webcache_6613_2\Default\shared_proto_db\metadata/MANIFEST-000001: Unable to create sequential file (ChromeMethodBFE: 7::NewSequentialFile::1)
[912:17340:0828/200624.396:WARNING:value_store_frontend.cc(47)] Reading ahfgeienlihckogmohjhadlkjgocpleb.alarms from  failed: IO error: .../MANIFEST-000001: Unable to create sequential file (ChromeMethodBFE: 7::NewSequentialFile::1)
[912:17340:0828/200624.398:WARNING:value_store_frontend.cc(47)] Reading mhjfbmdgcfjbbpaeojofohoefgiehjai.alarms from  failed: IO error: .../MANIFEST-000001: Unable to create sequential file (ChromeMethodBFE: 7::NewSequentialFile::1)
[912:13508:0828/200624.576:ERROR:device_event_log_impl.cc(196)] [20:06:24.067] USB: usb_service_win.cc:105 SetupDiGetDeviceProperty({{A45C254E-DF1C-4EFD-8020-67D146A850E0}, 6}) failed: Element not found. (0x490)
[7708:22352:0828/200627.740:WARNING:frame_impl.cc(430)] virtual CefFrameImpl::SendProcessMessage sent to detached frame 5-B3D9420CC0AE3472B24728C51414A186 will be ignored
[2624:2984:0828/200830.545:WARNING:chrome_main_delegate.cc(745)] This is Chrome version 128.0.6613.138 (not a warning)
[2624:2984:0828/200831.456:WARNING:account_consistency_mode_manager.cc(77)] Desktop Identity Consistency cannot be enabled as no OAuth client ID and client secret have been configured.
[2624:2984:0828/200838.733:ERROR:device_event_log_impl.cc(196)] [20:08:38.606] USB: usb_service_win.cc:105 SetupDiGetDeviceProperty({{A45C254E-DF1C-4EFD-8020-67D146A850E0}, 6}) failed: Element not found. (0x490)
[21028:10672:0828/200838.962:WARNING:frame_impl.cc(430)] virtual CefFrameImpl::SendProcessMessage sent to detached frame 5-458F5C935A5878F8122D893B8FCF75CB will be ignored
[912:13508:0828/200839.534:WARNING:pref_notifier_impl.cc(41)] Pref observer for media_router.cast_allow_all_ips found at shutdown.
[892:23132:0828/200849.972:ERROR:frame_impl.cc(537)] frame 6-B8BB4F5EA2752F2B80775353B804F751 connection timeout
[892:23132:0828/200850.367:ERROR:frame_impl.cc(537)] frame 6-5D92972360E897A539A3C558FF3B431B connection timeout
[2624:2984:0828/201216.329:WARNING:page_discarding_helper.cc(138)] Discarding multiple pages with target (kb): 0
[2624:2984:0828/202029.881:WARNING:page_discarding_helper.cc(138)] Discarding multiple pages with target (kb): 0
[2624:2984:0828/202034.910:WARNING:page_discarding_helper.cc(138)] Discarding multiple pages with target (kb): 0
[2624:2984:0828/202039.952:WARNING:page_discarding_helper.cc(138)] Discarding multiple pages with target (kb): 0
[2624:2984:0828/202045.001:WARNING:page_discarding_helper.cc(138)] Discarding multiple pages with target (kb): 0
[2624:2984:0828/202050.008:WARNING:page_discarding_helper.cc(138)] Discarding multiple pages with target (kb): 0
[2624:2984:0828/202115.461:WARNING:pref_notifier_impl.cc(41)] Pref observer for media_router.cast_allow_all_ips found at shutdown.
